// Jest Snapshot v1, https://goo.gl/fbAQLP

exports[`page component AboutPage renders correctly 1`] = `
<DocumentFragment>
  .c0 {
  min-height: 100vh;
  min-width: 100vw;
  display: -webkit-box;
  display: -webkit-flex;
  display: -ms-flexbox;
  display: flex;
  padding: 20px;
}

@media (min-width:564px) {

}

<div
    class="c0"
  >
    <div
      class="about-container"
    />
  </div>
</DocumentFragment>
`;
